 ***********************************************************************
 *  Build information for HAWC2MB
 *  Aeroelastic tool HAWC2MB
 *  Intel, version         2021 ,     20201112
 *  WINDOWS 64-bit
 ***********************************************************************
 *  GIT-TAG        = 13.2.0
 *  GIT-BRANCH     = 
 *  BUILD_TYPE     = Windows64 RELEASE
 *  BUILDER        = ContainerAdministrator
 *  COMPUTER_NAME  = RUNNER-UYZRLEJ3
 *  BUILD_DATE     = Wed 06/11/2025
 ***********************************************************************
________________________________________________________________________
  Log file output
                                                       Time : 17:52:37
                                                       Date : 30:09.2026
________________________________________________________________________
 Newmark commands read with succes
 Simulation commands read with succes
 Reading data of main body : tower
 Succes opening ./data/DTU_10MW_RWT_Tower_st.dat
 timoschenko input commands read with succes
 topologi_c2def_inputs read with succes
 Topologi main body tower commands read with succes
 Reading data of main body : towertop
 Succes opening ./data/DTU_10MW_RWT_Towertop_st.dat
 timoschenko input commands read with succes
 topologi_c2def_inputs read with succes
 Topologi main body towertop commands read with succes
 Reading data of main body : shaft
 Succes opening ./data/DTU_10MW_RWT_Shaft_st.dat
 timoschenko input commands read with succes
 topologi_c2def_inputs read with succes
 Topologi main body shaft commands read with succes
 Reading data of main body : hub1
 Succes opening ./data/DTU_10MW_RWT_Hub_st.dat
 timoschenko input commands read with succes
 topologi_c2def_inputs read with succes
 Topologi main body hub1 commands read with succes
 Reading data of main body : hub2
 Topologi main body hub2 commands read with succes
 Reading data of main body : hub3
 Topologi main body hub3 commands read with succes
 Reading data of main body : bearing1
 Succes opening ./data/DTU_10MW_RWT_Bearing_st.dat
 timoschenko input commands read with succes
 topologi_c2def_inputs read with succes
 Topologi main body bearing1 commands read with succes
 Reading data of main body : bearing2
 Topologi main body bearing2 commands read with succes
 Reading data of main body : bearing3
 Topologi main body bearing3 commands read with succes
 Reading data of main body : blade1
 Succes opening ./data/DTU_10MW_RWT_Blade_st.dat
 timoschenko input commands read with succes
 topologi_c2def_inputs read with succes
 Topologi main body blade1 commands read with succes
 Reading data of main body : blade2
 Topologi main body blade2 commands read with succes
 Reading data of main body : blade3
 Topologi main body blade3 commands read with succes
 Base orientation input commands read with succes
 relative orientation input commands read with succes
 relative orientation input commands read with succes
 relative orientation input commands read with succes
 relative orientation input commands read with succes
 relative orientation input commands read with succes
 relative orientation input commands read with succes
 relative orientation input commands read with succes
 relative orientation input commands read with succes
 relative orientation input commands read with succes
 relative orientation input commands read with succes
 relative orientation input commands read with succes
 Orientation input commands read with succes
 Fix0 constraint input commands read with succes
 Fix1 constraint input commands read with succes
 Bearing1 constraint input commands read with succes
 Fix1 constraint input commands read with succes
 Fix1 constraint input commands read with succes
 Fix1 constraint input commands read with succes
 bearing3 constraint input commands read with succes
 bearing3 constraint input commands read with succes
 bearing3 constraint input commands read with succes
 bearing2 constraint input commands read with succes
 bearing2 constraint input commands read with succes
 bearing2 constraint input commands read with succes
 constraint input commands read with succes
 Topologi commands read with succes
 Tower shadow (potential2 flow) commands read with succes
 Wind commands read with succes
 aerodrag element commands read with succes
 aerodrag element commands read with succes
 Aerodrag commands read with succes
 Aerodynamic commands read with succes
 output commands read with succes
 Output commands read
 Dll type2 input commands read with succes
 output commands read with succes
 Output commands read
 Actions commands read
 Dll type2 input commands read with succes
 output commands read with succes
 Output commands read
 Actions commands read
 Dll type2 input commands read with succes
 output commands read with succes
 Output commands read
 Actions commands read
 Dll type2 input commands read with succes
 output commands read with succes
 Output commands read
 Dll type2 input commands read with succes
 DLL commands read with succes
 output commands read with succes
 Output commands read
 Initialization of structure
 Initializing of aero rotor...
 Initialization of rotor aerodynamics
 Succes opening ./data/DTU_10MW_RWT_ae.dat
 Succes opening ./data/DTU_10MW_RWT_pc.dat
 Initialization of rotor induction
 Initialization of wind
 Initialization of external type2 DLL
 External DLL ./control/dtu_we_controller.dll is attempted to open
DLL loaded with success C:\DTU\GIT\hawc2_coning\DTU_10_MW_Coning/./control/dtu_we_controller_64.dll
Symbol not found in dll: get_version
Using C:\DTU\GIT\hawc2_coning\DTU_10_MW_Coning/./control/dtu_we_controller_64.dll, version: unknown
 DLL subroutine init init_regulation_advanced is called
 In initialization call of ./control/dtu_we_controller.dll Output is 
  0.000000000000000E+000
*** WARNING *** Symbol not found in dll: message
 *** INFO *** The DLL subroutine message could not be loaded - bypassed!
 Initialization of external type2 DLL
 External DLL ./control/generator_servo.dll is attempted to open
DLL loaded with success C:\DTU\GIT\hawc2_coning\DTU_10_MW_Coning/./control/generator_servo_64.dll
Symbol not found in dll: get_version
Using C:\DTU\GIT\hawc2_coning\DTU_10_MW_Coning/./control/generator_servo_64.dll, version: unknown
 DLL subroutine init init_generator_servo is called
 In initialization call of ./control/generator_servo.dll Output is 
  0.000000000000000E+000
*** WARNING *** Symbol not found in dll: message
 *** INFO *** The DLL subroutine message could not be loaded - bypassed!
 Initialization of external type2 DLL
 External DLL ./control/mech_brake.dll is attempted to open
DLL loaded with success C:\DTU\GIT\hawc2_coning\DTU_10_MW_Coning/./control/mech_brake_64.dll
Using C:\DTU\GIT\hawc2_coning\DTU_10_MW_Coning/./control/mech_brake_64.dll, version: 0.2
 DLL subroutine init init_mech_brake is called
 In initialization call of ./control/mech_brake.dll Output is 
  0.000000000000000E+000
*** WARNING *** Symbol not found in dll: message
 *** INFO *** The DLL subroutine message could not be loaded - bypassed!
 Initialization of external type2 DLL
 External DLL ./control/servo_with_limits.dll is attempted to open
DLL loaded with success C:\DTU\GIT\hawc2_coning\DTU_10_MW_Coning/./control/servo_with_limits_64.dll
Using C:\DTU\GIT\hawc2_coning\DTU_10_MW_Coning/./control/servo_with_limits_64.dll, version: 1.2
 DLL subroutine init init_servo_with_limits is called
 In initialization call of ./control/servo_with_limits.dll Output is 
  0.000000000000000E+000
*** WARNING *** Symbol not found in dll: message
 *** INFO *** The DLL subroutine message could not be loaded - bypassed!
 Initialization of external type2 DLL
 External DLL ./control/towerclearance_mblade.dll is attempted to open
DLL loaded with success C:\DTU\GIT\hawc2_coning\DTU_10_MW_Coning/./control/towerclearance_mblade_64.dll
Using C:\DTU\GIT\hawc2_coning\DTU_10_MW_Coning/./control/towerclearance_mblade_64.dll, version: v1.0.0-4-g7d2a1b3
 DLL subroutine init initialize is called
 In initialization call of ./control/towerclearance_mblade.dll Output is 
  0.000000000000000E+000
*** WARNING *** Symbol not found in dll: message
 *** INFO *** The DLL subroutine message could not be loaded - bypassed!
 Creating link between structure and aerodynamics
 Creating link between structure and aerodrag
 Initialization of Aerodrag
 Starting simulation
Constraint residual is .5576E-13 < .10E-06. Max residual in constraint 26
Dynamic stall method:  2  used for entire rotor
   ... initialization of unified dynamic stall model.
   ... Unified dynamic stall model time constants
   ... Attached flow A1 =   0.165000, A2 =   0.335000, A3 =   0.000000
   ... Attached flow B1 =   0.045500, B2 =   0.300000, B3 =   0.300000
   ... Stalled flow taupre =   1.500000,  taubly =   6.000000
DS model deactivated: blade  1 at 0mm. Max f_sep=  0.00, dclda=  0.00, thickness=100.00. See manual to change limit values
DS model deactivated: blade  1 at 88mm. Max f_sep=  0.00, dclda=  0.00, thickness=100.00. See manual to change limit values
DS model deactivated: blade  1 at 355mm. Max f_sep=  0.00, dclda=  0.00, thickness=100.00. See manual to change limit values
DS model deactivated: blade  1 at 797mm. Max f_sep=  0.00, dclda=  0.00, thickness=100.00. See manual to change limit values
DS model deactivated: blade  1 at 1414mm. Max f_sep=  0.00, dclda=  0.00, thickness=100.00. See manual to change limit values
DS model deactivated: blade  1 at 2203mm. Max f_sep=  4.24, dclda=  0.00, thickness= 99.77. See manual to change limit values
DS model deactivated: blade  1 at 3160mm. Max f_sep=  4.24, dclda=  0.01, thickness= 98.69. See manual to change limit values
DS model deactivated: blade  1 at 4282mm. Max f_sep=  4.24, dclda=  0.01, thickness= 97.41. See manual to change limit values
DS model deactivated: blade  1 at 5565mm. Max f_sep=  4.24, dclda=  0.02, thickness= 94.83. See manual to change limit values
DS model deactivated: blade  1 at 7002mm. Max f_sep=  4.24, dclda=  0.04, thickness= 90.40. See manual to change limit values
DS model deactivated: blade  1 at 8588mm. Max f_sep=  4.24, dclda=  0.07, thickness= 84.54. See manual to change limit values
DS model deactivated: blade  1 at 10317mm. Max f_sep=  4.24, dclda=  0.10, thickness= 77.35. See manual to change limit values
DS model deactivated: blade  1 at 12181mm. Max f_sep=  4.24, dclda=  0.14, thickness= 69.22. See manual to change limit values
DS model deactivated: blade  1 at 14172mm. Max f_sep=  4.24, dclda=  0.18, thickness= 60.80. See manual to change limit values
DS model deactivated: blade  1 at 16283mm. Max f_sep=  1.12, dclda=  2.62, thickness= 53.05. See manual to change limit values
DS model deactivated: blade  2 at 0mm. Max f_sep=  0.00, dclda=  0.00, thickness=100.00. See manual to change limit values
DS model deactivated: blade  2 at 88mm. Max f_sep=  0.00, dclda=  0.00, thickness=100.00. See manual to change limit values
DS model deactivated: blade  2 at 355mm. Max f_sep=  0.00, dclda=  0.00, thickness=100.00. See manual to change limit values
DS model deactivated: blade  2 at 797mm. Max f_sep=  0.00, dclda=  0.00, thickness=100.00. See manual to change limit values
DS model deactivated: blade  2 at 1414mm. Max f_sep=  0.00, dclda=  0.00, thickness=100.00. See manual to change limit values
DS model deactivated: blade  2 at 2203mm. Max f_sep=  4.24, dclda=  0.00, thickness= 99.77. See manual to change limit values
DS model deactivated: blade  2 at 3160mm. Max f_sep=  4.24, dclda=  0.01, thickness= 98.69. See manual to change limit values
DS model deactivated: blade  2 at 4282mm. Max f_sep=  4.24, dclda=  0.01, thickness= 97.41. See manual to change limit values
DS model deactivated: blade  2 at 5565mm. Max f_sep=  4.24, dclda=  0.02, thickness= 94.83. See manual to change limit values
DS model deactivated: blade  2 at 7002mm. Max f_sep=  4.24, dclda=  0.04, thickness= 90.40. See manual to change limit values
DS model deactivated: blade  2 at 8588mm. Max f_sep=  4.24, dclda=  0.07, thickness= 84.54. See manual to change limit values
DS model deactivated: blade  2 at 10317mm. Max f_sep=  4.24, dclda=  0.10, thickness= 77.35. See manual to change limit values
DS model deactivated: blade  2 at 12181mm. Max f_sep=  4.24, dclda=  0.14, thickness= 69.22. See manual to change limit values
DS model deactivated: blade  2 at 14172mm. Max f_sep=  4.24, dclda=  0.18, thickness= 60.80. See manual to change limit values
DS model deactivated: blade  2 at 16283mm. Max f_sep=  1.12, dclda=  2.62, thickness= 53.05. See manual to change limit values
DS model deactivated: blade  3 at 0mm. Max f_sep=  0.00, dclda=  0.00, thickness=100.00. See manual to change limit values
DS model deactivated: blade  3 at 88mm. Max f_sep=  0.00, dclda=  0.00, thickness=100.00. See manual to change limit values
DS model deactivated: blade  3 at 355mm. Max f_sep=  0.00, dclda=  0.00, thickness=100.00. See manual to change limit values
DS model deactivated: blade  3 at 797mm. Max f_sep=  0.00, dclda=  0.00, thickness=100.00. See manual to change limit values
DS model deactivated: blade  3 at 1414mm. Max f_sep=  0.00, dclda=  0.00, thickness=100.00. See manual to change limit values
DS model deactivated: blade  3 at 2203mm. Max f_sep=  4.24, dclda=  0.00, thickness= 99.77. See manual to change limit values
DS model deactivated: blade  3 at 3160mm. Max f_sep=  4.24, dclda=  0.01, thickness= 98.69. See manual to change limit values
DS model deactivated: blade  3 at 4282mm. Max f_sep=  4.24, dclda=  0.01, thickness= 97.41. See manual to change limit values
DS model deactivated: blade  3 at 5565mm. Max f_sep=  4.24, dclda=  0.02, thickness= 94.83. See manual to change limit values
DS model deactivated: blade  3 at 7002mm. Max f_sep=  4.24, dclda=  0.04, thickness= 90.40. See manual to change limit values
DS model deactivated: blade  3 at 8588mm. Max f_sep=  4.24, dclda=  0.07, thickness= 84.54. See manual to change limit values
DS model deactivated: blade  3 at 10317mm. Max f_sep=  4.24, dclda=  0.10, thickness= 77.35. See manual to change limit values
DS model deactivated: blade  3 at 12181mm. Max f_sep=  4.24, dclda=  0.14, thickness= 69.22. See manual to change limit values
DS model deactivated: blade  3 at 14172mm. Max f_sep=  4.24, dclda=  0.18, thickness= 60.80. See manual to change limit values
DS model deactivated: blade  3 at 16283mm. Max f_sep=  1.12, dclda=  2.62, thickness= 53.05. See manual to change limit values
Global time =  0.100000000E-01 Iter = 2
Creating file/folder res
Created folder: 'res'
Creating file/folder res
Created folder: 'res'
Global time =  0.200000000E-01 Iter = 2
Global time =  0.300000000E-01 Iter = 2
Global time =  0.400000000E-01 Iter = 2
Global time =  0.500000000E-01 Iter = 2
Global time =  0.600000000E-01 Iter = 2
Global time =  0.700000000E-01 Iter = 2
Global time =  0.800000000E-01 Iter = 2
Global time =  0.900000000E-01 Iter = 2
Global time =  0.100000000     Iter = 2
Global time =  0.110000000     Iter = 2
Global time =  0.120000000     Iter = 2
Global time =  0.130000000     Iter = 2
Global time =  0.140000000     Iter = 2
Global time =  0.150000000     Iter = 2
Global time =  0.160000000     Iter = 3
Global time =  0.170000000     Iter = 3
Global time =  0.180000000     Iter = 3
Global time =  0.190000000     Iter = 3
Global time =  0.200000000     Iter = 2
Global time =  0.210000000     Iter = 3
Global time =  0.220000000     Iter = 2
Global time =  0.230000000     Iter = 2
Global time =  0.240000000     Iter = 2
Global time =  0.250000000     Iter = 2
Global time =  0.260000000     Iter = 2
Global time =  0.270000000     Iter = 2
Global time =  0.280000000     Iter = 2
Global time =  0.290000000     Iter = 2
Global time =  0.300000000     Iter = 2
Global time =  0.310000000     Iter = 3
Global time =  0.320000000     Iter = 3
Global time =  0.330000000     Iter = 3
Global time =  0.340000000     Iter = 3
Global time =  0.350000000     Iter = 3
Global time =  0.360000000     Iter = 3
Global time =  0.370000000     Iter = 3
Global time =  0.380000000     Iter = 3
Global time =  0.390000000     Iter = 3
Global time =  0.400000000     Iter = 3
Global time =  0.410000000     Iter = 3
Global time =  0.420000000     Iter = 3
Global time =  0.430000000     Iter = 3
Global time =  0.440000000     Iter = 3
Global time =  0.450000000     Iter = 3
Global time =  0.460000000     Iter = 3
Global time =  0.470000000     Iter = 3
Global time =  0.480000000     Iter = 3
Global time =  0.490000000     Iter = 3
Global time =  0.500000000     Iter = 3
Global time =  0.510000000     Iter = 3
Global time =  0.520000000     Iter = 2
Global time =  0.530000000     Iter = 2
Global time =  0.540000000     Iter = 2
Global time =  0.550000000     Iter = 3
Global time =  0.560000000     Iter = 2
Global time =  0.570000000     Iter = 2
Global time =  0.580000000     Iter = 2
Global time =  0.590000000     Iter = 2
Global time =  0.600000000     Iter = 2
Global time =  0.610000000     Iter = 2
Global time =  0.620000000     Iter = 2
Global time =  0.630000000     Iter = 2
Global time =  0.640000000     Iter = 2
Global time =  0.650000000     Iter = 2
Global time =  0.660000000     Iter = 2
Global time =  0.670000000     Iter = 2
Global time =  0.680000000     Iter = 2
Global time =  0.690000000     Iter = 2
Global time =  0.700000000     Iter = 2
Global time =  0.710000000     Iter = 2
Global time =  0.720000000     Iter = 2
Global time =  0.730000000     Iter = 2
Global time =  0.740000000     Iter = 2
Global time =  0.750000000     Iter = 2
Global time =  0.760000000     Iter = 2
Global time =  0.770000000     Iter = 2
Global time =  0.780000000     Iter = 2
Global time =  0.790000000     Iter = 2
Global time =  0.800000000     Iter = 2
Global time =  0.810000000     Iter = 2
Global time =  0.820000000     Iter = 2
Global time =  0.830000000     Iter = 2
Global time =  0.840000000     Iter = 2
Global time =  0.850000000     Iter = 2
Global time =  0.860000000     Iter = 2
Global time =  0.870000000     Iter = 2
Global time =  0.880000000     Iter = 2
Global time =  0.890000000     Iter = 2
Global time =  0.900000000     Iter = 2
Global time =  0.910000000     Iter = 2
Global time =  0.920000000     Iter = 2
Global time =  0.930000000     Iter = 2
Global time =  0.940000000     Iter = 2
Global time =  0.950000000     Iter = 2
Global time =  0.960000000     Iter = 2
Global time =  0.970000000     Iter = 2
Global time =  0.980000000     Iter = 2
Global time =  0.990000000     Iter = 2
Global time =   1.00000000     Iter = 2
Global time =   1.01000000     Iter = 2
Global time =   1.02000000     Iter = 2
Global time =   1.03000000     Iter = 2
Global time =   1.04000000     Iter = 2
Global time =   1.05000000     Iter = 2
Global time =   1.06000000     Iter = 2
Global time =   1.07000000     Iter = 2
Global time =   1.08000000     Iter = 2
Global time =   1.09000000     Iter = 2
Global time =   1.10000000     Iter = 2
Global time =   1.11000000     Iter = 2
Global time =   1.12000000     Iter = 2
Global time =   1.13000000     Iter = 2
Global time =   1.14000000     Iter = 2
Global time =   1.15000000     Iter = 2
Global time =   1.16000000     Iter = 2
Global time =   1.17000000     Iter = 2
Global time =   1.18000000     Iter = 2
Global time =   1.19000000     Iter = 2
Global time =   1.20000000     Iter = 2
Global time =   1.21000000     Iter = 2
Global time =   1.22000000     Iter = 2
Global time =   1.23000000     Iter = 2
Global time =   1.24000000     Iter = 3
Global time =   1.25000000     Iter = 2
Global time =   1.26000000     Iter = 2
Global time =   1.27000000     Iter = 2
Global time =   1.28000000     Iter = 3
Global time =   1.29000000     Iter = 3
Global time =   1.30000000     Iter = 2
Global time =   1.31000000     Iter = 2
Global time =   1.32000000     Iter = 3
Global time =   1.33000000     Iter = 3
Global time =   1.34000000     Iter = 2
Global time =   1.35000000     Iter = 2
Global time =   1.36000000     Iter = 2
Global time =   1.37000000     Iter = 2
Global time =   1.38000000     Iter = 2
Global time =   1.39000000     Iter = 2
Global time =   1.40000000     Iter = 2
Global time =   1.41000000     Iter = 2
Global time =   1.42000000     Iter = 2
Global time =   1.43000000     Iter = 2
Global time =   1.44000000     Iter = 2
Global time =   1.45000000     Iter = 2
Global time =   1.46000000     Iter = 2
Global time =   1.47000000     Iter = 2
Global time =   1.48000000     Iter = 2
Global time =   1.49000000     Iter = 2
Global time =   1.50000000     Iter = 2
Global time =   1.51000000     Iter = 2
Global time =   1.52000000     Iter = 2
Global time =   1.53000000     Iter = 2
Global time =   1.54000000     Iter = 2
Global time =   1.55000000     Iter = 2
Global time =   1.56000000     Iter = 2
Global time =   1.57000000     Iter = 2
Global time =   1.58000000     Iter = 2
Global time =   1.59000000     Iter = 2
Global time =   1.60000000     Iter = 2
Global time =   1.61000000     Iter = 2
Global time =   1.62000000     Iter = 2
Global time =   1.63000000     Iter = 2
Global time =   1.64000000     Iter = 2
Global time =   1.65000000     Iter = 2
Global time =   1.66000000     Iter = 2
Global time =   1.67000000     Iter = 2
Global time =   1.68000000     Iter = 2
Global time =   1.69000000     Iter = 2
Global time =   1.70000000     Iter = 2
Global time =   1.71000000     Iter = 2
Global time =   1.72000000     Iter = 2
Global time =   1.73000000     Iter = 2
Global time =   1.74000000     Iter = 2
Global time =   1.75000000     Iter = 2
Global time =   1.76000000     Iter = 2
Global time =   1.77000000     Iter = 2
Global time =   1.78000000     Iter = 2
Global time =   1.79000000     Iter = 2
Global time =   1.80000000     Iter = 2
Global time =   1.81000000     Iter = 2
Global time =   1.82000000     Iter = 2
Global time =   1.83000000     Iter = 2
Global time =   1.84000000     Iter = 2
Global time =   1.85000000     Iter = 2
Global time =   1.86000000     Iter = 2
Global time =   1.87000000     Iter = 2
Global time =   1.88000000     Iter = 2
Global time =   1.89000000     Iter = 2
Global time =   1.90000000     Iter = 2
Global time =   1.91000000     Iter = 2
Global time =   1.92000000     Iter = 2
Global time =   1.93000000     Iter = 2
Global time =   1.94000000     Iter = 2
Global time =   1.95000000     Iter = 2
Global time =   1.96000000     Iter = 2
Global time =   1.97000000     Iter = 2
Global time =   1.98000000     Iter = 2
Global time =   1.99000000     Iter = 2
Global time =   2.00000000     Iter = 2
Global time =   2.01000000     Iter = 2
Global time =   2.02000000     Iter = 2
Global time =   2.03000000     Iter = 2
Global time =   2.04000000     Iter = 2
Global time =   2.05000000     Iter = 2
Global time =   2.06000000     Iter = 2
Global time =   2.07000000     Iter = 2
Global time =   2.08000000     Iter = 2
Global time =   2.09000000     Iter = 2
Global time =   2.10000000     Iter = 2
Global time =   2.11000000     Iter = 2
Global time =   2.12000000     Iter = 2
Global time =   2.13000000     Iter = 2
Global time =   2.14000000     Iter = 2
Global time =   2.15000000     Iter = 2
Global time =   2.16000000     Iter = 2
Global time =   2.17000000     Iter = 2
Global time =   2.18000000     Iter = 2
Global time =   2.19000000     Iter = 2
Global time =   2.20000000     Iter = 2
Global time =   2.21000000     Iter = 2
Global time =   2.22000000     Iter = 2
Global time =   2.23000000     Iter = 2
Global time =   2.24000000     Iter = 2
Global time =   2.25000000     Iter = 2
Global time =   2.26000000     Iter = 2
Global time =   2.27000000     Iter = 2
Global time =   2.28000000     Iter = 2
Global time =   2.29000000     Iter = 2
Global time =   2.30000000     Iter = 2
Global time =   2.31000000     Iter = 2
Global time =   2.32000000     Iter = 2
Global time =   2.33000000     Iter = 2
Global time =   2.34000000     Iter = 2
Global time =   2.35000000     Iter = 2
Global time =   2.36000000     Iter = 2
Global time =   2.37000000     Iter = 2
Global time =   2.38000000     Iter = 2
Global time =   2.39000000     Iter = 2
Global time =   2.40000000     Iter = 2
Global time =   2.41000000     Iter = 2
Global time =   2.42000000     Iter = 2
Global time =   2.43000000     Iter = 2
Global time =   2.44000000     Iter = 2
Global time =   2.45000000     Iter = 2
Global time =   2.46000000     Iter = 2
Global time =   2.47000000     Iter = 2
Global time =   2.48000000     Iter = 2
Global time =   2.49000000     Iter = 2
Global time =   2.50000000     Iter = 2
Global time =   2.51000000     Iter = 2
Global time =   2.52000000     Iter = 2
Global time =   2.53000000     Iter = 2
Global time =   2.54000000     Iter = 2
Global time =   2.55000000     Iter = 2
Global time =   2.56000000     Iter = 2
Global time =   2.57000000     Iter = 2
Global time =   2.58000000     Iter = 2
Global time =   2.59000000     Iter = 2
Global time =   2.60000000     Iter = 2
Global time =   2.61000000     Iter = 2
Global time =   2.62000000     Iter = 2
Global time =   2.63000000     Iter = 2
Global time =   2.64000000     Iter = 2
Global time =   2.65000000     Iter = 2
Global time =   2.66000000     Iter = 2
Global time =   2.67000000     Iter = 2
Global time =   2.68000000     Iter = 2
Global time =   2.69000000     Iter = 2
Global time =   2.70000000     Iter = 2
Global time =   2.71000000     Iter = 2
Global time =   2.72000000     Iter = 2
Global time =   2.73000000     Iter = 2
Global time =   2.74000000     Iter = 2
Global time =   2.75000000     Iter = 2
Global time =   2.76000000     Iter = 2
Global time =   2.77000000     Iter = 2
Global time =   2.78000000     Iter = 2
Global time =   2.79000000     Iter = 2
Global time =   2.80000000     Iter = 2
Global time =   2.81000000     Iter = 2
Global time =   2.82000000     Iter = 2
Global time =   2.83000000     Iter = 2
Global time =   2.84000000     Iter = 2
Global time =   2.85000000     Iter = 2
Global time =   2.86000000     Iter = 2
Global time =   2.87000000     Iter = 2
Global time =   2.88000000     Iter = 2
Global time =   2.89000000     Iter = 2
Global time =   2.90000000     Iter = 2
Global time =   2.91000000     Iter = 2
Global time =   2.92000000     Iter = 2
Global time =   2.93000000     Iter = 2
Global time =   2.94000000     Iter = 2
Global time =   2.95000000     Iter = 2
Global time =   2.96000000     Iter = 2
Global time =   2.97000000     Iter = 2
Global time =   2.98000000     Iter = 2
Global time =   2.99000000     Iter = 2
Global time =   3.00000000     Iter = 2
Global time =   3.01000000     Iter = 2
Global time =   3.02000000     Iter = 2
Global time =   3.03000000     Iter = 2
Global time =   3.04000000     Iter = 2
Global time =   3.05000000     Iter = 2
Global time =   3.06000000     Iter = 2
Global time =   3.07000000     Iter = 2
Global time =   3.08000000     Iter = 2
Global time =   3.09000000     Iter = 2
Global time =   3.10000000     Iter = 2
Global time =   3.11000000     Iter = 2
Global time =   3.12000000     Iter = 2
Global time =   3.13000000     Iter = 2
Global time =   3.14000000     Iter = 2
Global time =   3.15000000     Iter = 2
Global time =   3.16000000     Iter = 2
Global time =   3.17000000     Iter = 2
Global time =   3.18000000     Iter = 2
Global time =   3.19000000     Iter = 2
Global time =   3.20000000     Iter = 2
Global time =   3.21000000     Iter = 2
Global time =   3.22000000     Iter = 2
Global time =   3.23000000     Iter = 2
Global time =   3.24000000     Iter = 2
Global time =   3.25000000     Iter = 2
Global time =   3.26000000     Iter = 2
Global time =   3.27000000     Iter = 2
Global time =   3.28000000     Iter = 2
Global time =   3.29000000     Iter = 2
Global time =   3.30000000     Iter = 2
Global time =   3.31000000     Iter = 2
Global time =   3.32000000     Iter = 2
Global time =   3.33000000     Iter = 2
Global time =   3.34000000     Iter = 2
Global time =   3.35000000     Iter = 2
Global time =   3.36000000     Iter = 2
Global time =   3.37000000     Iter = 2
Global time =   3.38000000     Iter = 2
Global time =   3.39000000     Iter = 2
Global time =   3.40000000     Iter = 2
Global time =   3.41000000     Iter = 2
Global time =   3.42000000     Iter = 2
Global time =   3.43000000     Iter = 2
Global time =   3.44000000     Iter = 2
Global time =   3.45000000     Iter = 2
Global time =   3.46000000     Iter = 2
Global time =   3.47000000     Iter = 2
Global time =   3.48000000     Iter = 2
Global time =   3.49000000     Iter = 2
Global time =   3.50000000     Iter = 2
Global time =   3.51000000     Iter = 2
Global time =   3.52000000     Iter = 2
Global time =   3.53000000     Iter = 2
Global time =   3.54000000     Iter = 2
Global time =   3.55000000     Iter = 2
Global time =   3.56000000     Iter = 2
Global time =   3.57000000     Iter = 2
Global time =   3.58000000     Iter = 2
Global time =   3.59000000     Iter = 2
Global time =   3.60000000     Iter = 2
Global time =   3.61000000     Iter = 2
Global time =   3.62000000     Iter = 2
Global time =   3.63000000     Iter = 2
Global time =   3.64000000     Iter = 2
Global time =   3.65000000     Iter = 2
Global time =   3.66000000     Iter = 2
Global time =   3.67000000     Iter = 2
Global time =   3.68000000     Iter = 2
Global time =   3.69000000     Iter = 2
Global time =   3.70000000     Iter = 2
Global time =   3.71000000     Iter = 2
Global time =   3.72000000     Iter = 2
Global time =   3.73000000     Iter = 2
Global time =   3.74000000     Iter = 2
Global time =   3.75000000     Iter = 2
Global time =   3.76000000     Iter = 2
Global time =   3.77000000     Iter = 2
Global time =   3.78000000     Iter = 2
Global time =   3.79000000     Iter = 2
Global time =   3.80000000     Iter = 2
Global time =   3.81000000     Iter = 2
Global time =   3.82000000     Iter = 2
Global time =   3.83000000     Iter = 2
Global time =   3.84000000     Iter = 2
Global time =   3.85000000     Iter = 2
Global time =   3.86000000     Iter = 2
Global time =   3.87000000     Iter = 2
Global time =   3.88000000     Iter = 2
Global time =   3.89000000     Iter = 2
Global time =   3.90000000     Iter = 2
Global time =   3.91000000     Iter = 2
Global time =   3.92000000     Iter = 2
Global time =   3.93000000     Iter = 2
Global time =   3.94000000     Iter = 2
Global time =   3.95000000     Iter = 2
Global time =   3.96000000     Iter = 1
Global time =   3.97000000     Iter = 2
Global time =   3.98000000     Iter = 2
Global time =   3.99000000     Iter = 2
Global time =   4.00000000     Iter = 2
Global time =   4.01000000     Iter = 2
Global time =   4.02000000     Iter = 2
Global time =   4.03000000     Iter = 2
Global time =   4.04000000     Iter = 2
Global time =   4.05000000     Iter = 2
Global time =   4.06000000     Iter = 2
Global time =   4.07000000     Iter = 2
Global time =   4.08000000     Iter = 2
Global time =   4.09000000     Iter = 2
Global time =   4.10000000     Iter = 2
Global time =   4.11000000     Iter = 2
Global time =   4.12000000     Iter = 2
Global time =   4.13000000     Iter = 2
Global time =   4.14000000     Iter = 2
Global time =   4.15000000     Iter = 2
Global time =   4.16000000     Iter = 2
Global time =   4.17000000     Iter = 2
Global time =   4.18000000     Iter = 1
Global time =   4.19000000     Iter = 1
Global time =   4.20000000     Iter = 2
Global time =   4.21000000     Iter = 2
Global time =   4.22000000     Iter = 2
Global time =   4.23000000     Iter = 2
Global time =   4.24000000     Iter = 2
Global time =   4.25000000     Iter = 2
Global time =   4.26000000     Iter = 2
Global time =   4.27000000     Iter = 2
Global time =   4.28000000     Iter = 2
Global time =   4.29000000     Iter = 2
Global time =   4.30000000     Iter = 2
Global time =   4.31000000     Iter = 2
Global time =   4.32000000     Iter = 2
Global time =   4.33000000     Iter = 2
Global time =   4.34000000     Iter = 1
Global time =   4.35000000     Iter = 2
Global time =   4.36000000     Iter = 2
Global time =   4.37000000     Iter = 2
Global time =   4.38000000     Iter = 2
Global time =   4.39000000     Iter = 2
Global time =   4.40000000     Iter = 2
Global time =   4.41000000     Iter = 1
Global time =   4.42000000     Iter = 1
Global time =   4.43000000     Iter = 2
Global time =   4.44000000     Iter = 2
Global time =   4.45000000     Iter = 2
Global time =   4.46000000     Iter = 2
Global time =   4.47000000     Iter = 2
Global time =   4.48000000     Iter = 2
Global time =   4.49000000     Iter = 1
Global time =   4.50000000     Iter = 1
Global time =   4.51000000     Iter = 2
Global time =   4.52000000     Iter = 2
Global time =   4.53000000     Iter = 2
Global time =   4.54000000     Iter = 2
Global time =   4.55000000     Iter = 2
Global time =   4.56000000     Iter = 2
Global time =   4.57000000     Iter = 2
Global time =   4.58000000     Iter = 1
Global time =   4.59000000     Iter = 2
Global time =   4.60000000     Iter = 2
Global time =   4.61000000     Iter = 2
Global time =   4.62000000     Iter = 2
Global time =   4.63000000     Iter = 2
Global time =   4.64000000     Iter = 1
Global time =   4.65000000     Iter = 1
Global time =   4.66000000     Iter = 2
Global time =   4.67000000     Iter = 2
Global time =   4.68000000     Iter = 2
Global time =   4.69000000     Iter = 2
Global time =   4.70000000     Iter = 2
Global time =   4.71000000     Iter = 2
Global time =   4.72000000     Iter = 1
Global time =   4.73000000     Iter = 1
Global time =   4.74000000     Iter = 2
Global time =   4.75000000     Iter = 2
Global time =   4.76000000     Iter = 2
Global time =   4.77000000     Iter = 2
Global time =   4.78000000     Iter = 2
Global time =   4.79000000     Iter = 1
Global time =   4.80000000     Iter = 1
Global time =   4.81000000     Iter = 1
Global time =   4.82000000     Iter = 1
Global time =   4.83000000     Iter = 2
Global time =   4.84000000     Iter = 2
Global time =   4.85000000     Iter = 2
Global time =   4.86000000     Iter = 2
Global time =   4.87000000     Iter = 1
Global time =   4.88000000     Iter = 1
Global time =   4.89000000     Iter = 1
Global time =   4.90000000     Iter = 1
Global time =   4.91000000     Iter = 2
Global time =   4.92000000     Iter = 2
Global time =   4.93000000     Iter = 2
Global time =   4.94000000     Iter = 1
Global time =   4.95000000     Iter = 1
Global time =   4.96000000     Iter = 1
Global time =   4.97000000     Iter = 1
Global time =   4.98000000     Iter = 2
Global time =   4.99000000     Iter = 2
Global time =   5.00000000     Iter = 2
Global time =   5.01000000     Iter = 2
Global time =   5.02000000     Iter = 1
Global time =   5.03000000     Iter = 1
Global time =   5.04000000     Iter = 1
Global time =   5.05000000     Iter = 1
Global time =   5.06000000     Iter = 2
Global time =   5.07000000     Iter = 2
Global time =   5.08000000     Iter = 2
Global time =   5.09000000     Iter = 2
Global time =   5.10000000     Iter = 1
Global time =   5.11000000     Iter = 1
Global time =   5.12000000     Iter = 1
Global time =   5.13000000     Iter = 2
Global time =   5.14000000     Iter = 2
Global time =   5.15000000     Iter = 2
Global time =   5.16000000     Iter = 2
Global time =   5.17000000     Iter = 1
Global time =   5.18000000     Iter = 1
Global time =   5.19000000     Iter = 1
Global time =   5.20000000     Iter = 1
Global time =   5.21000000     Iter = 1
Global time =   5.22000000     Iter = 2
Global time =   5.23000000     Iter = 2
Global time =   5.24000000     Iter = 2
Global time =   5.25000000     Iter = 1
Global time =   5.26000000     Iter = 1
Global time =   5.27000000     Iter = 1
Global time =   5.28000000     Iter = 1
Global time =   5.29000000     Iter = 1
Global time =   5.30000000     Iter = 1
Global time =   5.31000000     Iter = 1
Global time =   5.32000000     Iter = 1
Global time =   5.33000000     Iter = 1
Global time =   5.34000000     Iter = 1
Global time =   5.35000000     Iter = 1
Global time =   5.36000000     Iter = 1
Global time =   5.37000000     Iter = 1
Global time =   5.38000000     Iter = 1
Global time =   5.39000000     Iter = 1
Global time =   5.40000000     Iter = 1
Global time =   5.41000000     Iter = 1
Global time =   5.42000000     Iter = 1
Global time =   5.43000000     Iter = 1
Global time =   5.44000000     Iter = 1
Global time =   5.45000000     Iter = 1
Global time =   5.46000000     Iter = 1
Global time =   5.47000000     Iter = 1
Global time =   5.48000000     Iter = 1
Global time =   5.49000000     Iter = 1
Global time =   5.50000000     Iter = 1
Global time =   5.51000000     Iter = 1
Global time =   5.52000000     Iter = 1
Global time =   5.53000000     Iter = 1
Global time =   5.54000000     Iter = 1
Global time =   5.55000000     Iter = 1
Global time =   5.56000000     Iter = 1
Global time =   5.57000000     Iter = 1
Global time =   5.58000000     Iter = 1
Global time =   5.59000000     Iter = 1
Global time =   5.60000000     Iter = 1
Global time =   5.61000000     Iter = 1
Global time =   5.62000000     Iter = 1
Global time =   5.63000000     Iter = 1
Global time =   5.64000000     Iter = 1
Global time =   5.65000000     Iter = 1
Global time =   5.66000000     Iter = 1
Global time =   5.67000000     Iter = 1
Global time =   5.68000000     Iter = 1
Global time =   5.69000000     Iter = 1
Global time =   5.70000000     Iter = 1
Global time =   5.71000000     Iter = 1
Global time =   5.72000000     Iter = 1
Global time =   5.73000000     Iter = 1
Global time =   5.74000000     Iter = 1
Global time =   5.75000000     Iter = 1
Global time =   5.76000000     Iter = 1
Global time =   5.77000000     Iter = 1
Global time =   5.78000000     Iter = 1
Global time =   5.79000000     Iter = 1
Global time =   5.80000000     Iter = 1
Global time =   5.81000000     Iter = 1
Global time =   5.82000000     Iter = 1
Global time =   5.83000000     Iter = 1
Global time =   5.84000000     Iter = 1
Global time =   5.85000000     Iter = 1
Global time =   5.86000000     Iter = 1
Global time =   5.87000000     Iter = 1
Global time =   5.88000000     Iter = 1
Global time =   5.89000000     Iter = 1
Global time =   5.90000000     Iter = 1
Global time =   5.91000000     Iter = 1
Global time =   5.92000000     Iter = 1
Global time =   5.93000000     Iter = 1
Global time =   5.94000000     Iter = 1
Global time =   5.95000000     Iter = 1
Global time =   5.96000000     Iter = 1
Global time =   5.97000000     Iter = 1
Global time =   5.98000000     Iter = 1
Global time =   5.99000000     Iter = 1
Global time =   6.00000000     Iter = 1
Global time =   6.01000000     Iter = 1
Global time =   6.02000000     Iter = 1
Global time =   6.03000000     Iter = 1
Global time =   6.04000000     Iter = 1
Global time =   6.05000000     Iter = 1
Global time =   6.06000000     Iter = 1
Global time =   6.07000000     Iter = 1
Global time =   6.08000000     Iter = 1
Global time =   6.09000000     Iter = 1
Global time =   6.10000000     Iter = 1
Global time =   6.11000000     Iter = 1
Global time =   6.12000000     Iter = 1
Global time =   6.13000000     Iter = 1
Global time =   6.14000000     Iter = 1
Global time =   6.15000000     Iter = 1
Global time =   6.16000000     Iter = 1
Global time =   6.17000000     Iter = 1
Global time =   6.18000000     Iter = 1
Global time =   6.19000000     Iter = 1
Global time =   6.20000000     Iter = 1
Global time =   6.21000000     Iter = 1
Global time =   6.22000000     Iter = 1
Global time =   6.23000000     Iter = 1
Global time =   6.24000000     Iter = 1
Global time =   6.25000000     Iter = 1
Global time =   6.26000000     Iter = 1
Global time =   6.27000000     Iter = 1
Global time =   6.28000000     Iter = 1
Global time =   6.29000000     Iter = 1
Global time =   6.30000000     Iter = 1
Global time =   6.31000000     Iter = 1
Global time =   6.32000000     Iter = 1
Global time =   6.33000000     Iter = 1
Global time =   6.34000000     Iter = 1
Global time =   6.35000000     Iter = 1
Global time =   6.36000000     Iter = 1
Global time =   6.37000000     Iter = 1
Global time =   6.38000000     Iter = 1
Global time =   6.39000000     Iter = 1
Global time =   6.40000000     Iter = 1
Global time =   6.41000000     Iter = 1
Global time =   6.42000000     Iter = 1
Global time =   6.43000000     Iter = 1
Global time =   6.44000000     Iter = 1
Global time =   6.45000000     Iter = 1
Global time =   6.46000000     Iter = 2
Global time =   6.47000000     Iter = 1
Global time =   6.48000000     Iter = 2
Global time =   6.49000000     Iter = 1
Global time =   6.50000000     Iter = 1
Global time =   6.51000000     Iter = 1
Global time =   6.52000000     Iter = 1
Global time =   6.53000000     Iter = 2
Global time =   6.54000000     Iter = 2
Global time =   6.55000000     Iter = 1
Global time =   6.56000000     Iter = 1
Global time =   6.57000000     Iter = 1
Global time =   6.58000000     Iter = 1
Global time =   6.59000000     Iter = 2
Global time =   6.60000000     Iter = 2
Global time =   6.61000000     Iter = 2
Global time =   6.62000000     Iter = 2
Global time =   6.63000000     Iter = 1
Global time =   6.64000000     Iter = 1
Global time =   6.65000000     Iter = 2
Global time =   6.66000000     Iter = 2
Global time =   6.67000000     Iter = 2
Global time =   6.68000000     Iter = 2
Global time =   6.69000000     Iter = 1
Global time =   6.70000000     Iter = 1
Global time =   6.71000000     Iter = 1
Global time =   6.72000000     Iter = 2
Global time =   6.73000000     Iter = 2
Global time =   6.74000000     Iter = 2
Global time =   6.75000000     Iter = 2
Global time =   6.76000000     Iter = 1
Global time =   6.77000000     Iter = 1
Global time =   6.78000000     Iter = 2
Global time =   6.79000000     Iter = 2
Global time =   6.80000000     Iter = 2
Global time =   6.81000000     Iter = 2
Global time =   6.82000000     Iter = 2
Global time =   6.83000000     Iter = 1
Global time =   6.84000000     Iter = 1
Global time =   6.85000000     Iter = 2
Global time =   6.86000000     Iter = 2
Global time =   6.87000000     Iter = 2
Global time =   6.88000000     Iter = 2
Global time =   6.89000000     Iter = 1
Global time =   6.90000000     Iter = 1
Global time =   6.91000000     Iter = 2
Global time =   6.92000000     Iter = 2
Global time =   6.93000000     Iter = 2
Global time =   6.94000000     Iter = 2
Global time =   6.95000000     Iter = 2
Global time =   6.96000000     Iter = 1
Global time =   6.97000000     Iter = 1
Global time =   6.98000000     Iter = 2
Global time =   6.99000000     Iter = 2
Global time =   7.00000000     Iter = 2
Global time =   7.01000000     Iter = 2
Global time =   7.02000000     Iter = 1
Global time =   7.03000000     Iter = 1
Global time =   7.04000000     Iter = 1
Global time =   7.05000000     Iter = 2
Global time =   7.06000000     Iter = 2
Global time =   7.07000000     Iter = 2
Global time =   7.08000000     Iter = 1
Global time =   7.09000000     Iter = 1
Global time =   7.10000000     Iter = 1
Global time =   7.11000000     Iter = 1
Global time =   7.12000000     Iter = 2
Global time =   7.13000000     Iter = 2
Global time =   7.14000000     Iter = 2
Global time =   7.15000000     Iter = 1
Global time =   7.16000000     Iter = 1
Global time =   7.17000000     Iter = 1
Global time =   7.18000000     Iter = 2
Global time =   7.19000000     Iter = 2
Global time =   7.20000000     Iter = 2
Global time =   7.21000000     Iter = 1
Global time =   7.22000000     Iter = 1
Global time =   7.23000000     Iter = 1
Global time =   7.24000000     Iter = 1
Global time =   7.25000000     Iter = 2
Global time =   7.26000000     Iter = 2
Global time =   7.27000000     Iter = 2
Global time =   7.28000000     Iter = 1
Global time =   7.29000000     Iter = 1
Global time =   7.30000000     Iter = 1
Global time =   7.31000000     Iter = 2
Global time =   7.32000000     Iter = 2
Global time =   7.33000000     Iter = 2
Global time =   7.34000000     Iter = 2
Global time =   7.35000000     Iter = 1
Global time =   7.36000000     Iter = 1
Global time =   7.37000000     Iter = 1
Global time =   7.38000000     Iter = 2
Global time =   7.39000000     Iter = 2
Global time =   7.40000000     Iter = 2
Global time =   7.41000000     Iter = 1
Global time =   7.42000000     Iter = 1
Global time =   7.43000000     Iter = 1
Global time =   7.44000000     Iter = 1
Global time =   7.45000000     Iter = 2
Global time =   7.46000000     Iter = 2
Global time =   7.47000000     Iter = 2
Global time =   7.48000000     Iter = 1
Global time =   7.49000000     Iter = 1
Global time =   7.50000000     Iter = 1
Global time =   7.51000000     Iter = 2
Global time =   7.52000000     Iter = 2
Global time =   7.53000000     Iter = 2
Global time =   7.54000000     Iter = 2
Global time =   7.55000000     Iter = 1
Global time =   7.56000000     Iter = 1
Global time =   7.57000000     Iter = 1
Global time =   7.58000000     Iter = 2
Global time =   7.59000000     Iter = 2
Global time =   7.60000000     Iter = 2
Global time =   7.61000000     Iter = 1
Global time =   7.62000000     Iter = 1
Global time =   7.63000000     Iter = 1
Global time =   7.64000000     Iter = 1
Global time =   7.65000000     Iter = 2
Global time =   7.66000000     Iter = 2
Global time =   7.67000000     Iter = 2
Global time =   7.68000000     Iter = 1
Global time =   7.69000000     Iter = 1
Global time =   7.70000000     Iter = 1
Global time =   7.71000000     Iter = 2
Global time =   7.72000000     Iter = 2
Global time =   7.73000000     Iter = 2
Global time =   7.74000000     Iter = 1
Global time =   7.75000000     Iter = 1
Global time =   7.76000000     Iter = 1
Global time =   7.77000000     Iter = 1
Global time =   7.78000000     Iter = 2
Global time =   7.79000000     Iter = 2
Global time =   7.80000000     Iter = 2
Global time =   7.81000000     Iter = 1
Global time =   7.82000000     Iter = 1
Global time =   7.83000000     Iter = 1
Global time =   7.84000000     Iter = 1
Global time =   7.85000000     Iter = 2
Global time =   7.86000000     Iter = 2
Global time =   7.87000000     Iter = 2
Global time =   7.88000000     Iter = 1
Global time =   7.89000000     Iter = 1
Global time =   7.90000000     Iter = 1
Global time =   7.91000000     Iter = 2
Global time =   7.92000000     Iter = 2
Global time =   7.93000000     Iter = 2
Global time =   7.94000000     Iter = 1
Global time =   7.95000000     Iter = 1
Global time =   7.96000000     Iter = 1
Global time =   7.97000000     Iter = 2
Global time =   7.98000000     Iter = 2
Global time =   7.99000000     Iter = 2
Global time =   8.00000000     Iter = 2
Global time =   8.01000000     Iter = 1
Global time =   8.02000000     Iter = 1
Global time =   8.03000000     Iter = 1
Global time =   8.04000000     Iter = 2
Global time =   8.05000000     Iter = 2
Global time =   8.06000000     Iter = 2
Global time =   8.07000000     Iter = 1
Global time =   8.08000000     Iter = 1
Global time =   8.09000000     Iter = 1
Global time =   8.10000000     Iter = 2
Global time =   8.11000000     Iter = 2
Global time =   8.12000000     Iter = 2
Global time =   8.13000000     Iter = 2
Global time =   8.14000000     Iter = 1
Global time =   8.15000000     Iter = 1
Global time =   8.16000000     Iter = 1
Global time =   8.17000000     Iter = 2
Global time =   8.18000000     Iter = 2
Global time =   8.19000000     Iter = 2
Global time =   8.20000000     Iter = 1
Global time =   8.21000000     Iter = 1
Global time =   8.22000000     Iter = 1
Global time =   8.23000000     Iter = 1
Global time =   8.24000000     Iter = 2
Global time =   8.25000000     Iter = 2
Global time =   8.26000000     Iter = 2
Global time =   8.27000000     Iter = 1
Global time =   8.28000000     Iter = 1
Global time =   8.29000000     Iter = 1
Global time =   8.30000000     Iter = 2
Global time =   8.31000000     Iter = 2
Global time =   8.32000000     Iter = 2
Global time =   8.33000000     Iter = 1
Global time =   8.34000000     Iter = 1
Global time =   8.35000000     Iter = 1
Global time =   8.36000000     Iter = 1
Global time =   8.37000000     Iter = 2
Global time =   8.38000000     Iter = 2
Global time =   8.39000000     Iter = 2
Global time =   8.40000000     Iter = 1
Global time =   8.41000000     Iter = 1
Global time =   8.42000000     Iter = 1
Global time =   8.43000000     Iter = 1
Global time =   8.44000000     Iter = 2
Global time =   8.45000000     Iter = 2
Global time =   8.46000000     Iter = 2
Global time =   8.47000000     Iter = 1
Global time =   8.48000000     Iter = 1
Global time =   8.49000000     Iter = 1
Global time =   8.50000000     Iter = 1
Global time =   8.51000000     Iter = 2
Global time =   8.52000000     Iter = 2
Global time =   8.53000000     Iter = 1
Global time =   8.54000000     Iter = 1
Global time =   8.55000000     Iter = 1
Global time =   8.56000000     Iter = 1
Global time =   8.57000000     Iter = 2
Global time =   8.58000000     Iter = 2
Global time =   8.59000000     Iter = 2
Global time =   8.60000000     Iter = 1
Global time =   8.61000000     Iter = 1
Global time =   8.62000000     Iter = 1
Global time =   8.63000000     Iter = 1
Global time =   8.64000000     Iter = 2
Global time =   8.65000000     Iter = 2
Global time =   8.66000000     Iter = 2
Global time =   8.67000000     Iter = 1
Global time =   8.68000000     Iter = 1
Global time =   8.69000000     Iter = 1
Global time =   8.70000000     Iter = 2
Global time =   8.71000000     Iter = 2
Global time =   8.72000000     Iter = 2
Global time =   8.73000000     Iter = 1
Global time =   8.74000000     Iter = 1
Global time =   8.75000000     Iter = 1
Global time =   8.76000000     Iter = 1
Global time =   8.77000000     Iter = 2
Global time =   8.78000000     Iter = 2
Global time =   8.79000000     Iter = 2
Global time =   8.80000000     Iter = 1
Global time =   8.81000000     Iter = 1
Global time =   8.82000000     Iter = 1
Global time =   8.83000000     Iter = 1
Global time =   8.84000000     Iter = 2
Global time =   8.85000000     Iter = 2
Global time =   8.86000000     Iter = 2
Global time =   8.87000000     Iter = 1
Global time =   8.88000000     Iter = 1
Global time =   8.89000000     Iter = 1
Global time =   8.90000000     Iter = 2
Global time =   8.91000000     Iter = 2
Global time =   8.92000000     Iter = 2
Global time =   8.93000000     Iter = 1
Global time =   8.94000000     Iter = 1
Global time =   8.95000000     Iter = 1
Global time =   8.96000000     Iter = 1
Global time =   8.97000000     Iter = 2
Global time =   8.98000000     Iter = 2
Global time =   8.99000000     Iter = 2
Global time =   9.00000000     Iter = 1
Global time =   9.01000000     Iter = 1
Global time =   9.02000000     Iter = 1
Global time =   9.03000000     Iter = 2
Global time =   9.04000000     Iter = 2
Global time =   9.05000000     Iter = 2
Global time =   9.06000000     Iter = 1
Global time =   9.07000000     Iter = 1
Global time =   9.08000000     Iter = 1
Global time =   9.09000000     Iter = 1
Global time =   9.10000000     Iter = 2
Global time =   9.11000000     Iter = 2
Global time =   9.12000000     Iter = 2
Global time =   9.13000000     Iter = 1
Global time =   9.14000000     Iter = 1
Global time =   9.15000000     Iter = 1
Global time =   9.16000000     Iter = 2
Global time =   9.17000000     Iter = 2
Global time =   9.18000000     Iter = 2
Global time =   9.19000000     Iter = 1
Global time =   9.20000000     Iter = 1
Global time =   9.21000000     Iter = 1
Global time =   9.22000000     Iter = 1
Global time =   9.23000000     Iter = 2
Global time =   9.24000000     Iter = 2
Global time =   9.25000000     Iter = 2
Global time =   9.26000000     Iter = 1
Global time =   9.27000000     Iter = 1
Global time =   9.28000000     Iter = 1
Global time =   9.29000000     Iter = 1
Global time =   9.30000000     Iter = 2
Global time =   9.31000000     Iter = 2
Global time =   9.32000000     Iter = 2
Global time =   9.33000000     Iter = 1
Global time =   9.34000000     Iter = 1
Global time =   9.35000000     Iter = 1
Global time =   9.36000000     Iter = 2
Global time =   9.37000000     Iter = 2
Global time =   9.38000000     Iter = 2
Global time =   9.39000000     Iter = 1
Global time =   9.40000000     Iter = 1
Global time =   9.41000000     Iter = 1
Global time =   9.42000000     Iter = 1
Global time =   9.43000000     Iter = 2
Global time =   9.44000000     Iter = 2
Global time =   9.45000000     Iter = 2
Global time =   9.46000000     Iter = 1
Global time =   9.47000000     Iter = 1
Global time =   9.48000000     Iter = 1
Global time =   9.49000000     Iter = 2
Global time =   9.50000000     Iter = 2
Global time =   9.51000000     Iter = 2
Global time =   9.52000000     Iter = 1
Global time =   9.53000000     Iter = 1
Global time =   9.54000000     Iter = 1
Global time =   9.55000000     Iter = 1
Global time =   9.56000000     Iter = 2
Global time =   9.57000000     Iter = 2
Global time =   9.58000000     Iter = 2
Global time =   9.59000000     Iter = 1
Global time =   9.60000000     Iter = 1
Global time =   9.61000000     Iter = 1
Global time =   9.62000000     Iter = 1
Global time =   9.63000000     Iter = 2
Global time =   9.64000000     Iter = 2
Global time =   9.65000000     Iter = 2
Global time =   9.66000000     Iter = 1
Global time =   9.67000000     Iter = 1
Global time =   9.68000000     Iter = 1
Global time =   9.69000000     Iter = 2
Global time =   9.70000000     Iter = 2
Global time =   9.71000000     Iter = 2
Global time =   9.72000000     Iter = 1
Global time =   9.73000000     Iter = 1
Global time =   9.74000000     Iter = 1
Global time =   9.75000000     Iter = 1
Global time =   9.76000000     Iter = 2
Global time =   9.77000000     Iter = 2
Global time =   9.78000000     Iter = 2
Global time =   9.79000000     Iter = 1
Global time =   9.80000000     Iter = 1
Global time =   9.81000000     Iter = 1
Global time =   9.82000000     Iter = 2
Global time =   9.83000000     Iter = 2
Global time =   9.84000000     Iter = 2
Global time =   9.85000000     Iter = 2
Global time =   9.86000000     Iter = 1
Global time =   9.87000000     Iter = 1
Global time =   9.88000000     Iter = 1
Global time =   9.89000000     Iter = 2
Global time =   9.90000000     Iter = 2
Global time =   9.91000000     Iter = 2
Global time =   9.92000000     Iter = 1
Global time =   9.93000000     Iter = 1
Global time =   9.94000000     Iter = 1
Global time =   9.95000000     Iter = 1
Global time =   9.96000000     Iter = 2
Global time =   9.97000000     Iter = 2
Global time =   9.98000000     Iter = 2
Global time =   9.99000000     Iter = 1
Global time =   10.0000000     Iter = 1
Global time =   10.0100000     Iter = 1
Global time =   10.0200000     Iter = 2
Global time =   10.0300000     Iter = 2
Global time =   10.0400000     Iter = 2
Global time =   10.0500000     Iter = 1
Global time =   10.0600000     Iter = 1
Global time =   10.0700000     Iter = 1
Global time =   10.0800000     Iter = 1
Global time =   10.0900000     Iter = 2
Global time =   10.1000000     Iter = 2
Global time =   10.1100000     Iter = 2
Global time =   10.1200000     Iter = 1
Global time =   10.1300000     Iter = 1
Global time =   10.1400000     Iter = 1
Global time =   10.1500000     Iter = 2
Global time =   10.1600000     Iter = 2
Global time =   10.1700000     Iter = 2
Global time =   10.1800000     Iter = 1
Global time =   10.1900000     Iter = 1
Global time =   10.2000000     Iter = 1
Global time =   10.2100000     Iter = 1
Global time =   10.2200000     Iter = 2
Global time =   10.2300000     Iter = 2
Global time =   10.2400000     Iter = 2
Global time =   10.2500000     Iter = 1
Global time =   10.2600000     Iter = 1
Global time =   10.2700000     Iter = 1
Global time =   10.2800000     Iter = 2
Global time =   10.2900000     Iter = 2
Global time =   10.3000000     Iter = 2
Global time =   10.3100000     Iter = 2
Global time =   10.3200000     Iter = 1
Global time =   10.3300000     Iter = 1
Global time =   10.3400000     Iter = 1
Global time =   10.3500000     Iter = 2
Global time =   10.3600000     Iter = 2
Global time =   10.3700000     Iter = 2
Global time =   10.3800000     Iter = 1
Global time =   10.3900000     Iter = 1
Global time =   10.4000000     Iter = 1
Global time =   10.4100000     Iter = 1
Global time =   10.4200000     Iter = 2
Global time =   10.4300000     Iter = 2
Global time =   10.4400000     Iter = 2
Global time =   10.4500000     Iter = 1
Global time =   10.4600000     Iter = 1
Global time =   10.4700000     Iter = 1
Global time =   10.4800000     Iter = 2
Global time =   10.4900000     Iter = 2
Global time =   10.5000000     Iter = 2
Global time =   10.5100000     Iter = 1
Global time =   10.5200000     Iter = 1
Global time =   10.5300000     Iter = 1
Global time =   10.5400000     Iter = 1
Global time =   10.5500000     Iter = 2
Global time =   10.5600000     Iter = 2
Global time =   10.5700000     Iter = 2
Global time =   10.5800000     Iter = 1
Global time =   10.5900000     Iter = 1
Global time =   10.6000000     Iter = 1
Global time =   10.6100000     Iter = 2
Global time =   10.6200000     Iter = 2
Global time =   10.6300000     Iter = 2
Global time =   10.6400000     Iter = 2
Global time =   10.6500000     Iter = 1
Global time =   10.6600000     Iter = 1
Global time =   10.6700000     Iter = 1
Global time =   10.6800000     Iter = 2
Global time =   10.6900000     Iter = 2
Global time =   10.7000000     Iter = 2
Global time =   10.7100000     Iter = 1
Global time =   10.7200000     Iter = 1
Global time =   10.7300000     Iter = 1
Global time =   10.7400000     Iter = 2
Global time =   10.7500000     Iter = 2
Global time =   10.7600000     Iter = 2
Global time =   10.7700000     Iter = 2
Global time =   10.7800000     Iter = 1
Global time =   10.7900000     Iter = 1
Global time =   10.8000000     Iter = 1
Global time =   10.8100000     Iter = 2
Global time =   10.8200000     Iter = 2
Global time =   10.8300000     Iter = 2
Global time =   10.8400000     Iter = 1
Global time =   10.8500000     Iter = 1
Global time =   10.8600000     Iter = 1
Global time =   10.8700000     Iter = 2
Global time =   10.8800000     Iter = 2
Global time =   10.8900000     Iter = 2
Global time =   10.9000000     Iter = 2
Global time =   10.9100000     Iter = 1
Global time =   10.9200000     Iter = 1
Global time =   10.9300000     Iter = 1
Global time =   10.9400000     Iter = 2
Global time =   10.9500000     Iter = 2
Global time =   10.9600000     Iter = 2
Global time =   10.9700000     Iter = 1
Global time =   10.9800000     Iter = 1
Global time =   10.9900000     Iter = 1
Global time =   11.0000000     Iter = 1
Global time =   11.0100000     Iter = 2
Global time =   11.0200000     Iter = 2
Global time =   11.0300000     Iter = 2
Global time =   11.0400000     Iter = 1
Global time =   11.0500000     Iter = 1
Global time =   11.0600000     Iter = 1
Global time =   11.0700000     Iter = 2
Global time =   11.0800000     Iter = 2
Global time =   11.0900000     Iter = 2
Global time =   11.1000000     Iter = 2
Global time =   11.1100000     Iter = 1
Global time =   11.1200000     Iter = 1
Global time =   11.1300000     Iter = 1
Global time =   11.1400000     Iter = 2
Global time =   11.1500000     Iter = 2
Global time =   11.1600000     Iter = 2
Global time =   11.1700000     Iter = 1
Global time =   11.1800000     Iter = 1
Global time =   11.1900000     Iter = 1
Global time =   11.2000000     Iter = 2
Global time =   11.2100000     Iter = 2
Global time =   11.2200000     Iter = 2
Global time =   11.2300000     Iter = 2
Global time =   11.2400000     Iter = 1
Global time =   11.2500000     Iter = 1
Global time =   11.2600000     Iter = 1
Global time =   11.2700000     Iter = 2
Global time =   11.2800000     Iter = 2
Global time =   11.2900000     Iter = 2
Global time =   11.3000000     Iter = 1
Global time =   11.3100000     Iter = 1
Global time =   11.3200000     Iter = 1
Global time =   11.3300000     Iter = 1
Global time =   11.3400000     Iter = 2
Global time =   11.3500000     Iter = 2
Global time =   11.3600000     Iter = 2
Global time =   11.3700000     Iter = 1
Global time =   11.3800000     Iter = 1
Global time =   11.3900000     Iter = 1
Global time =   11.4000000     Iter = 2
Global time =   11.4100000     Iter = 2
Global time =   11.4200000     Iter = 2
Global time =   11.4300000     Iter = 1
Global time =   11.4400000     Iter = 1
Global time =   11.4500000     Iter = 1
Global time =   11.4600000     Iter = 1
Global time =   11.4700000     Iter = 2
Global time =   11.4800000     Iter = 2
Global time =   11.4900000     Iter = 2
Global time =   11.5000000     Iter = 1
Global time =   11.5100000     Iter = 1
Global time =   11.5200000     Iter = 1
Global time =   11.5300000     Iter = 2
Global time =   11.5400000     Iter = 2
Global time =   11.5500000     Iter = 2
Global time =   11.5600000     Iter = 1
Global time =   11.5700000     Iter = 1
Global time =   11.5800000     Iter = 1
Global time =   11.5900000     Iter = 1
Global time =   11.6000000     Iter = 2
Global time =   11.6100000     Iter = 2
Global time =   11.6200000     Iter = 2
Global time =   11.6300000     Iter = 1
Global time =   11.6400000     Iter = 1
Global time =   11.6500000     Iter = 1
Global time =   11.6600000     Iter = 2
Global time =   11.6700000     Iter = 2
Global time =   11.6800000     Iter = 2
Global time =   11.6900000     Iter = 2
Global time =   11.7000000     Iter = 1
Global time =   11.7100000     Iter = 1
Global time =   11.7200000     Iter = 1
Global time =   11.7300000     Iter = 2
Global time =   11.7400000     Iter = 2
Global time =   11.7500000     Iter = 2
Global time =   11.7600000     Iter = 1
Global time =   11.7700000     Iter = 1
Global time =   11.7800000     Iter = 1
Global time =   11.7900000     Iter = 2
Global time =   11.8000000     Iter = 2
Global time =   11.8100000     Iter = 2
Global time =   11.8200000     Iter = 2
Global time =   11.8300000     Iter = 1
Global time =   11.8400000     Iter = 1
Global time =   11.8500000     Iter = 1
Global time =   11.8600000     Iter = 2
Global time =   11.8700000     Iter = 2
Global time =   11.8800000     Iter = 2
Global time =   11.8900000     Iter = 1
Global time =   11.9000000     Iter = 1
Global time =   11.9100000     Iter = 1
Global time =   11.9200000     Iter = 1
Global time =   11.9300000     Iter = 2
Global time =   11.9400000     Iter = 2
Global time =   11.9500000     Iter = 2
Global time =   11.9600000     Iter = 1
Global time =   11.9700000     Iter = 1
Global time =   11.9800000     Iter = 1
Global time =   11.9900000     Iter = 2
Global time =   12.0000000     Iter = 2
Global time =   12.0100000     Iter = 2
Global time =   12.0200000     Iter = 1
Global time =   12.0300000     Iter = 1
Global time =   12.0400000     Iter = 1
Global time =   12.0500000     Iter = 1
Global time =   12.0600000     Iter = 2
Global time =   12.0700000     Iter = 2
Global time =   12.0800000     Iter = 2
Global time =   12.0900000     Iter = 1
Global time =   12.1000000     Iter = 1
Global time =   12.1100000     Iter = 1
Global time =   12.1200000     Iter = 2
Global time =   12.1300000     Iter = 2
Global time =   12.1400000     Iter = 2
Global time =   12.1500000     Iter = 2
Global time =   12.1600000     Iter = 1
Global time =   12.1700000     Iter = 1
Global time =   12.1800000     Iter = 1
Global time =   12.1900000     Iter = 2
Global time =   12.2000000     Iter = 2
Global time =   12.2100000     Iter = 2
Global time =   12.2200000     Iter = 1
Global time =   12.2300000     Iter = 1
Global time =   12.2400000     Iter = 1
Global time =   12.2500000     Iter = 1
Global time =   12.2600000     Iter = 2
Global time =   12.2700000     Iter = 2
Global time =   12.2800000     Iter = 2
Global time =   12.2900000     Iter = 1
Global time =   12.3000000     Iter = 1
Global time =   12.3100000     Iter = 1
Global time =   12.3200000     Iter = 2
Global time =   12.3300000     Iter = 2
Global time =   12.3400000     Iter = 2
Global time =   12.3500000     Iter = 1
Global time =   12.3600000     Iter = 1
Global time =   12.3700000     Iter = 1
Global time =   12.3800000     Iter = 1
Global time =   12.3900000     Iter = 2
Global time =   12.4000000     Iter = 2
Global time =   12.4100000     Iter = 2
Global time =   12.4200000     Iter = 1
Global time =   12.4300000     Iter = 1
Global time =   12.4400000     Iter = 1
Global time =   12.4500000     Iter = 1
Global time =   12.4600000     Iter = 2
Global time =   12.4700000     Iter = 2
Global time =   12.4800000     Iter = 2
Global time =   12.4900000     Iter = 1
Global time =   12.5000000     Iter = 1
Global time =   12.5100000     Iter = 1
Global time =   12.5200000     Iter = 2
Global time =   12.5300000     Iter = 2
Global time =   12.5400000     Iter = 2
Global time =   12.5500000     Iter = 1
Global time =   12.5600000     Iter = 1
Global time =   12.5700000     Iter = 1
Global time =   12.5800000     Iter = 1
Global time =   12.5900000     Iter = 2
Global time =   12.6000000     Iter = 2
Global time =   12.6100000     Iter = 2
Global time =   12.6200000     Iter = 1
Global time =   12.6300000     Iter = 1
Global time =   12.6400000     Iter = 1
Global time =   12.6500000     Iter = 1
Global time =   12.6600000     Iter = 2
Global time =   12.6700000     Iter = 2
Global time =   12.6800000     Iter = 1
Global time =   12.6900000     Iter = 1
Global time =   12.7000000     Iter = 1
Global time =   12.7100000     Iter = 1
Global time =   12.7200000     Iter = 2
Global time =   12.7300000     Iter = 2
Global time =   12.7400000     Iter = 2
Global time =   12.7500000     Iter = 1
Global time =   12.7600000     Iter = 1
Global time =   12.7700000     Iter = 1
Global time =   12.7800000     Iter = 1
Global time =   12.7900000     Iter = 2
Global time =   12.8000000     Iter = 2
Global time =   12.8100000     Iter = 1
Global time =   12.8200000     Iter = 1
Global time =   12.8300000     Iter = 1
Global time =   12.8400000     Iter = 1
Global time =   12.8500000     Iter = 1
Global time =   12.8600000     Iter = 2
Global time =   12.8700000     Iter = 2
Global time =   12.8800000     Iter = 1
Global time =   12.8900000     Iter = 1
Global time =   12.9000000     Iter = 1
Global time =   12.9100000     Iter = 1
Global time =   12.9200000     Iter = 2
Global time =   12.9300000     Iter = 2
Global time =   12.9400000     Iter = 2
Global time =   12.9500000     Iter = 1
Global time =   12.9600000     Iter = 1
Global time =   12.9700000     Iter = 1
Global time =   12.9800000     Iter = 1
Global time =   12.9900000     Iter = 2
Global time =   13.0000000     Iter = 2
Global time =   13.0100000     Iter = 1
Global time =   13.0200000     Iter = 1
Global time =   13.0300000     Iter = 1
Global time =   13.0400000     Iter = 1
Global time =   13.0500000     Iter = 2
Global time =   13.0600000     Iter = 2
Global time =   13.0700000     Iter = 2
Global time =   13.0800000     Iter = 1
Global time =   13.0900000     Iter = 1
Global time =   13.1000000     Iter = 1
Global time =   13.1100000     Iter = 1
Global time =   13.1200000     Iter = 2
Global time =   13.1300000     Iter = 2
Global time =   13.1400000     Iter = 1
Global time =   13.1500000     Iter = 1
Global time =   13.1600000     Iter = 1
Global time =   13.1700000     Iter = 1
Global time =   13.1800000     Iter = 1
Global time =   13.1900000     Iter = 2
Global time =   13.2000000     Iter = 2
Global time =   13.2100000     Iter = 1
Global time =   13.2200000     Iter = 1
Global time =   13.2300000     Iter = 1
Global time =   13.2400000     Iter = 1
Global time =   13.2500000     Iter = 2
Global time =   13.2600000     Iter = 2
Global time =   13.2700000     Iter = 2
Global time =   13.2800000     Iter = 1
Global time =   13.2900000     Iter = 1
Global time =   13.3000000     Iter = 1
Global time =   13.3100000     Iter = 1
Global time =   13.3200000     Iter = 2
Global time =   13.3300000     Iter = 2
Global time =   13.3400000     Iter = 1
Global time =   13.3500000     Iter = 1
Global time =   13.3600000     Iter = 1
Global time =   13.3700000     Iter = 1
Global time =   13.3800000     Iter = 1
Global time =   13.3900000     Iter = 2
Global time =   13.4000000     Iter = 2
Global time =   13.4100000     Iter = 1
Global time =   13.4200000     Iter = 1
Global time =   13.4300000     Iter = 1
Global time =   13.4400000     Iter = 1
Global time =   13.4500000     Iter = 2
Global time =   13.4600000     Iter = 2
Global time =   13.4700000     Iter = 1
Global time =   13.4800000     Iter = 1
Global time =   13.4900000     Iter = 1
Global time =   13.5000000     Iter = 1
Global time =   13.5100000     Iter = 1
Global time =   13.5200000     Iter = 2
Global time =   13.5300000     Iter = 2
Global time =   13.5400000     Iter = 1
Global time =   13.5500000     Iter = 1
Global time =   13.5600000     Iter = 1
Global time =   13.5700000     Iter = 1
Global time =   13.5800000     Iter = 1
Global time =   13.5900000     Iter = 2
Global time =   13.6000000     Iter = 2
Global time =   13.6100000     Iter = 1
Global time =   13.6200000     Iter = 1
Global time =   13.6300000     Iter = 1
Global time =   13.6400000     Iter = 1
Global time =   13.6500000     Iter = 2
Global time =   13.6600000     Iter = 2
Global time =   13.6700000     Iter = 2
Global time =   13.6800000     Iter = 1
Global time =   13.6900000     Iter = 1
Global time =   13.7000000     Iter = 1
Global time =   13.7100000     Iter = 1
Global time =   13.7200000     Iter = 2
Global time =   13.7300000     Iter = 2
Global time =   13.7400000     Iter = 1
Global time =   13.7500000     Iter = 1
Global time =   13.7600000     Iter = 1
Global time =   13.7700000     Iter = 1
Global time =   13.7800000     Iter = 2
Global time =   13.7900000     Iter = 2
Global time =   13.8000000     Iter = 2
Global time =   13.8100000     Iter = 1
Global time =   13.8200000     Iter = 1
Global time =   13.8300000     Iter = 1
Global time =   13.8400000     Iter = 1
Global time =   13.8500000     Iter = 2
Global time =   13.8600000     Iter = 2
Global time =   13.8700000     Iter = 2
Global time =   13.8800000     Iter = 1
Global time =   13.8900000     Iter = 1
Global time =   13.9000000     Iter = 1
Global time =   13.9100000     Iter = 2
Global time =   13.9200000     Iter = 2
Global time =   13.9300000     Iter = 2
Global time =   13.9400000     Iter = 2
Global time =   13.9500000     Iter = 1
Global time =   13.9600000     Iter = 1
Global time =   13.9700000     Iter = 1
Global time =   13.9800000     Iter = 2
Global time =   13.9900000     Iter = 2
Global time =   14.0000000     Iter = 2
Global time =   14.0100000     Iter = 2
Global time =   14.0200000     Iter = 1
Global time =   14.0300000     Iter = 1
Global time =   14.0400000     Iter = 1
Global time =   14.0500000     Iter = 2
Global time =   14.0600000     Iter = 2
Global time =   14.0700000     Iter = 2
Global time =   14.0800000     Iter = 1
Global time =   14.0900000     Iter = 1
Global time =   14.1000000     Iter = 1
Global time =   14.1100000     Iter = 2
Global time =   14.1200000     Iter = 2
Global time =   14.1300000     Iter = 2
Global time =   14.1400000     Iter = 2
Global time =   14.1500000     Iter = 1
Global time =   14.1600000     Iter = 1
Global time =   14.1700000     Iter = 1
Global time =   14.1800000     Iter = 2
Global time =   14.1900000     Iter = 2
Global time =   14.2000000     Iter = 2
Global time =   14.2100000     Iter = 2
Global time =   14.2200000     Iter = 1
Global time =   14.2300000     Iter = 1
Global time =   14.2400000     Iter = 2
Global time =   14.2500000     Iter = 2
Global time =   14.2600000     Iter = 2
Global time =   14.2700000     Iter = 2
Global time =   14.2800000     Iter = 1
Global time =   14.2900000     Iter = 1
Global time =   14.3000000     Iter = 1
Global time =   14.3100000     Iter = 2
Global time =   14.3200000     Iter = 2
Global time =   14.3300000     Iter = 2
Global time =   14.3400000     Iter = 2
Global time =   14.3500000     Iter = 1
Global time =   14.3600000     Iter = 1
Global time =   14.3700000     Iter = 2
Global time =   14.3800000     Iter = 2
Global time =   14.3900000     Iter = 2
Global time =   14.4000000     Iter = 2
Global time =   14.4100000     Iter = 2
Global time =   14.4200000     Iter = 1
Global time =   14.4300000     Iter = 2
Global time =   14.4400000     Iter = 2
Global time =   14.4500000     Iter = 2
Global time =   14.4600000     Iter = 2
Global time =   14.4700000     Iter = 2
Global time =   14.4800000     Iter = 2
Global time =   14.4900000     Iter = 2
Global time =   14.5000000     Iter = 2
Global time =   14.5100000     Iter = 3
Global time =   14.5200000     Iter = 3
Global time =   14.5300000     Iter = 3
Global time =   14.5400000     Iter = 3
Global time =   14.5500000     Iter = 3
Global time =   14.5600000     Iter = 3
Global time =   14.5700000     Iter = 3
Global time =   14.5800000     Iter = 4
Global time =   14.5900000     Iter = 5
Global time =   14.6000000     Iter = 5
Global time =   14.6100000     Iter = 5
Global time =   14.6200000     Iter = 4
Global time =   14.6300000     Iter = 5
Global time =   14.6400000     Iter = 5
Global time =   14.6500000     Iter = 4
Global time =   14.6600000     Iter = 4
 *** ERROR *** The radius is not mono. increasing at point          46
 *** ERROR *** The radius is not mono. increasing at point          47
 *** ERROR *** The radius is not mono. increasing at point          48
Global time =   14.6700000     Iter = 5
 *** ERROR *** The radius is not mono. increasing at point          46
 *** ERROR *** The radius is not mono. increasing at point          47
 *** ERROR *** The radius is not mono. increasing at point          48
Global time =   14.6800000     Iter = 6
Global time =   14.6900000     Iter = 6
Global time =   14.7000000     Iter = 6
 Solver seems not to converge:
Force residual is NaN >= .10E+04. Max residual in body tower
Increment residual is NaN >= 1.0. Max residual in body tower
Constraint residual is NaN >= .10E-06. Max residual in constraint 1
 continuing...
Global time =   14.7100000     Iter = 99
