 ***********************************************************************
 *  Build information for HAWCStab2
 *  Aeroservoelastic stability tool for wind turbines
 *  Intel, version         2021 ,     20201112
 *  WINDOWS 64-bit
 ***********************************************************************
 *  GIT-TAG        = v2.16.4
 *  GIT-BRANCH     = 
 *  BUILD_TYPE     = Windows64 RELEASE
 *  BUILDER        = ContainerAdministrator
 *  COMPUTER_NAME  = RUNNER-CWSASYZT
 *  BUILD_DATE     = Tue 08/13/2024
 ***********************************************************************
________________________________________________________________________
  Log file output
                                                       Time : 11:35:48
                                                       Date : 02:10.2026
________________________________________________________________________
 Opening main command file: .\htc_hawc2s\DTU_10MW_RWT_cone_hawc2s_hawc2s_0.5.htc
 Current directory is C:\DTU\GIT\hawc2_coning\DTU_10_MW_Coning
 Reading data of main body : tower
 Succes opening ./data/DTU_10MW_RWT_Tower_st.dat
 timoschenko input commands read with succes
 topologi_c2def_inputs read with succes
 Topologi main body tower commands read with succes
 Reading data of main body : towertop
 Succes opening ./data/DTU_10MW_RWT_Towertop_st.dat
 timoschenko input commands read with succes
 topologi_c2def_inputs read with succes
 Topologi main body towertop commands read with succes
 Reading data of main body : shaft
 Succes opening ./data/DTU_10MW_RWT_Shaft_st.dat
 timoschenko input commands read with succes
 topologi_c2def_inputs read with succes
 Topologi main body shaft commands read with succes
 Reading data of main body : hub1
 Succes opening ./data/DTU_10MW_RWT_Hub_st.dat
 timoschenko input commands read with succes
 topologi_c2def_inputs read with succes
 Topologi main body hub1 commands read with succes
 Reading data of main body : hub2
 Topologi main body hub2 commands read with succes
 Reading data of main body : hub3
 Topologi main body hub3 commands read with succes
 Reading data of main body : bearing1
 Succes opening ./data/DTU_10MW_RWT_Bearing_st.dat
 timoschenko input commands read with succes
 topologi_c2def_inputs read with succes
 Topologi main body bearing1 commands read with succes
 Reading data of main body : bearing2
 Topologi main body bearing2 commands read with succes
 Reading data of main body : bearing3
 Topologi main body bearing3 commands read with succes
 Reading data of main body : blade1
 Succes opening ./data/DTU_10MW_RWT_Blade_st.dat
 timoschenko input commands read with succes
 topologi_c2def_inputs read with succes
 Topologi main body blade1 commands read with succes
 Reading data of main body : blade2
 Topologi main body blade2 commands read with succes
 Reading data of main body : blade3
 Topologi main body blade3 commands read with succes
 Base orientation input commands read with succes
 relative orientation input commands read with succes
 relative orientation input commands read with succes
 relative orientation input commands read with succes
 relative orientation input commands read with succes
 relative orientation input commands read with succes
 relative orientation input commands read with succes
 relative orientation input commands read with succes
 relative orientation input commands read with succes
 relative orientation input commands read with succes
 relative orientation input commands read with succes
 relative orientation input commands read with succes
 Orientation input commands read with succes
 Fix0 constraint input commands read with succes
 Fix1 constraint input commands read with succes
 Bearing1 constraint input commands read with succes
 Fix1 constraint input commands read with succes
 Fix1 constraint input commands read with succes
 Fix1 constraint input commands read with succes
 Fix1 constraint input commands read with succes
 Fix1 constraint input commands read with succes
 Fix1 constraint input commands read with succes
 bearing2 constraint input commands read with succes
 bearing2 constraint input commands read with succes
 bearing2 constraint input commands read with succes
 constraint input commands read with succes
 Topologi commands read with succes
 Succes opening ./data/a_clt_table.dat
 dynamic inflow commands read with succes
 Aerodynamic commands read with succes
Creating file folder res_hawc2s
Created folder: 'res_hawc2s'
 HAWCStab2 commands read with succes
 Initialization of structure
 Initializing of aero rotor...
 Initialization of rotor aerodynamics
 Succes opening ./data/DTU_10MW_RWT_ae.dat
 Succes opening ./data/DTU_10MW_RWT_pc.dat
 Initialization of rotor induction
 Initialization of wind
 Creating link between structure and aerodynamics
******************* HAWCStab2 output *******************
WARNING! Missing wind input block. Setting air density to 1.225km/m3.
 Shaft bearing: shaft_rot
 Pitch bearing: pitch1

nblades:                3
nblades3:               3
ndofs:                598
ndofs3:               598
ndofs_n:              598
nesys:                  0
ndofs_esys:             0
nfree_bearings:         1
nbearings:              4
nbearings_n:            4
naerostates_ds_bld:   192
naerostates_ds:       576
naerostates_ds_n:     576
naeroforces_bld:      144
naeroforces:          432
naeroforces_n:        432
naerosections:         48
nphis:                301
nphis3:               301
nphis_n:              301
phi_per_node:           3
ndim_y:                 0
ndim_u:                 0
********************* Initiating dynamic stall model *********************
Warning: Zero lift aoa not between -15 and 15 deg at sect  5. Treated as fully separated.
Warning: Zero lift aoa not between -15 and 15 deg at sect  6. Treated as fully separated.
Warning: Zero lift aoa not between -15 and 15 deg at sect  7. Treated as fully separated.
Warning: Zero lift aoa not between -15 and 15 deg at sect  8. Treated as fully separated.
Warning: Zero lift aoa not between -15 and 15 deg at sect  9. Treated as fully separated.
Warning: Zero lift aoa not between -15 and 15 deg at sect 10. Treated as fully separated.
Warning: Zero lift aoa not between -15 and 15 deg at sect 11. Treated as fully separated.
Warning: Zero lift aoa not between -15 and 15 deg at sect 12. Treated as fully separated.
Warning: Zero lift aoa not between -15 and 15 deg at sect 13. Treated as fully separated.
Warning: Zero lift aoa not between -15 and 15 deg at sect 14. Treated as fully separated.
********************* Computing steady state *********************
 Incl. torsional deform:  F
 Incl. tip correction  :  T
 Incl. induction       :  T
 Comp. gradients       :  F
Processing computation no.  1 of 30
Processing computation no.  2 of 30
Processing computation no.  3 of 30
Processing computation no.  4 of 30
Processing computation no.  5 of 30
Processing computation no.  6 of 30
Processing computation no.  7 of 30
Processing computation no.  8 of 30
Processing computation no.  9 of 30
Processing computation no. 10 of 30
Processing computation no. 11 of 30
Processing computation no. 12 of 30
Processing computation no. 13 of 30
Processing computation no. 14 of 30
Processing computation no. 15 of 30
Processing computation no. 16 of 30
Processing computation no. 17 of 30
Processing computation no. 18 of 30
Processing computation no. 19 of 30
Processing computation no. 20 of 30
Processing computation no. 21 of 30
Processing computation no. 22 of 30
Processing computation no. 23 of 30
Processing computation no. 24 of 30
Processing computation no. 25 of 30
Processing computation no. 26 of 30
Processing computation no. 27 of 30
Processing computation no. 28 of 30
Processing computation no. 29 of 30
Processing computation no. 30 of 30
 ...done
 Continue log
